#############################################
# Sample Info
#############################################
Raw_Data_Dir: raw_data    # data before filter
Data_Dir: Preprocess      # data after filter
SAMPLES_FILE: samples.txt # data after filter

#############################################
# Software
#############################################
TRINITY_HOME: /share/bioinfo/anaconda3/opt/trinity-2.8.4
EMAPPER_HOME: /share/bioinfo/software/eggnog-mapper-1.0.3

#############################################
# Genome, RNA-Seq ref
#############################################
#genome: ref/genome.fasta
#gtf: ref/genome.gtf

#############################################
# Annotation
#############################################
Annotation_Dir: Annotation
Annotation_Input: ref/protein_longest.fasta
data_type: prot #nucl | prot 
all_gene: ref/all_gene.txt
diamond_nr_db: /share/bioinfo/database/diamond_db/nr

#############################################
# Mapping
#############################################
Mapping_Dir: Mapping

#############################################
# Quantification
#############################################
Quantification_Dir: Quantification

#############################################
# Expression Analysis
#############################################
ExprAnalysis_Dir: ExprAnalysis
pc_num: 3
de_method: DESeq2
de_log2FoldChange: 1
de_padj: 0.05
